// Jest Snapshot v1, https://goo.gl/fbAQLP

exports[`<RoomCard/> matches snapshots 1`] = `
<ChatCard
  lastMessage="hihi"
  lastModified="2020-04-25 22:13:52"
  numOfNewMessages={3}
  userList={
    Array [
      "a",
      "s",
      "d",
      "c",
    ]
  }
>
  <Styled(styled.div)>
    <StyledComponent
      forwardedComponent={
        Object {
          "$$typeof": Symbol(react.forward_ref),
          "attrs": Array [],
          "componentStyle": ComponentStyle {
            "componentId": "sc-bwzfXH",
            "isStatic": false,
            "lastClassName": "jRfhhm",
            "rules": Array [
              "
  display: flex;
  width: 100%;
  justify-content: center;
  align-items: center;
",
              "
  height: 5rem;
  margin: 0.5rem 0;
  min-width: 10rem;
  justify-content: space-between;
  &:hover{
    background: ",
              "#F1F2F2",
              ";
  }
",
            ],
          },
          "displayName": "Styled(styled.div)",
          "foldedComponentIds": Array [
            "sc-bdVaJa",
          ],
          "render": [Function],
          "styledComponentId": "sc-bwzfXH",
          "target": "div",
          "toString": [Function],
          "warnTooManyClasses": [Function],
          "withComponent": [Function],
        }
      }
      forwardedRef={null}
    >
      <div
        className="sc-bdVaJa sc-bwzfXH jRfhhm"
      >
        <styled.div>
          <StyledComponent
            forwardedComponent={
              Object {
                "$$typeof": Symbol(react.forward_ref),
                "attrs": Array [],
                "componentStyle": ComponentStyle {
                  "componentId": "sc-htpNat",
                  "isStatic": false,
                  "lastClassName": "gBEccN",
                  "rules": Array [
                    "
  display: flex;
  max-width: 80%;
",
                  ],
                },
                "displayName": "styled.div",
                "foldedComponentIds": Array [],
                "render": [Function],
                "styledComponentId": "sc-htpNat",
                "target": "div",
                "toString": [Function],
                "warnTooManyClasses": [Function],
                "withComponent": [Function],
              }
            }
            forwardedRef={null}
          >
            <div
              className="sc-htpNat gBEccN"
            >
              <styled.div>
                <StyledComponent
                  forwardedComponent={
                    Object {
                      "$$typeof": Symbol(react.forward_ref),
                      "attrs": Array [],
                      "componentStyle": ComponentStyle {
                        "componentId": "sc-bxivhb",
                        "isStatic": false,
                        "lastClassName": "hznbYw",
                        "rules": Array [
                          "
  margin: 1rem;
  width: auto;
",
                        ],
                      },
                      "displayName": "styled.div",
                      "foldedComponentIds": Array [],
                      "render": [Function],
                      "styledComponentId": "sc-bxivhb",
                      "target": "div",
                      "toString": [Function],
                      "warnTooManyClasses": [Function],
                      "withComponent": [Function],
                    }
                  }
                  forwardedRef={null}
                >
                  <div
                    className="sc-bxivhb hznbYw"
                  >
                    <Icon
                      icon="Person"
                    >
                      <ForwardRef(SvgPerson)
                        fill="currentColor"
                        height="2rem"
                        width="2rem"
                      >
                        <svg
                          fill="currentColor"
                          height="2rem"
                          width="2rem"
                        >
                          person.svg
                        </svg>
                      </ForwardRef(SvgPerson)>
                    </Icon>
                  </div>
                </StyledComponent>
              </styled.div>
              <styled.div>
                <StyledComponent
                  forwardedComponent={
                    Object {
                      "$$typeof": Symbol(react.forward_ref),
                      "attrs": Array [],
                      "componentStyle": ComponentStyle {
                        "componentId": "sc-ifAKCX",
                        "isStatic": false,
                        "lastClassName": "ebQtyy",
                        "rules": Array [
                          "
  flex-direction: column;
  align-items: flex-start;
  overflow: hidden;
  text-overflow: ellipsis;
  white-space: nowrap;
  min-width: 80%;
  width: 100%;
",
                        ],
                      },
                      "displayName": "styled.div",
                      "foldedComponentIds": Array [],
                      "render": [Function],
                      "styledComponentId": "sc-ifAKCX",
                      "target": "div",
                      "toString": [Function],
                      "warnTooManyClasses": [Function],
                      "withComponent": [Function],
                    }
                  }
                  forwardedRef={null}
                >
                  <div
                    className="sc-ifAKCX ebQtyy"
                  >
                    <styled.div>
                      <StyledComponent
                        forwardedComponent={
                          Object {
                            "$$typeof": Symbol(react.forward_ref),
                            "attrs": Array [],
                            "componentStyle": ComponentStyle {
                              "componentId": "sc-EHOje",
                              "isStatic": false,
                              "lastClassName": "elLoSm",
                              "rules": Array [
                                "
  justify-content: left;
",
                              ],
                            },
                            "displayName": "styled.div",
                            "foldedComponentIds": Array [],
                            "render": [Function],
                            "styledComponentId": "sc-EHOje",
                            "target": "div",
                            "toString": [Function],
                            "warnTooManyClasses": [Function],
                            "withComponent": [Function],
                          }
                        }
                        forwardedRef={null}
                      >
                        <div
                          className="sc-EHOje elLoSm"
                        >
                          <div>
                            <styled.span>
                              <StyledComponent
                                forwardedComponent={
                                  Object {
                                    "$$typeof": Symbol(react.forward_ref),
                                    "attrs": Array [],
                                    "componentStyle": ComponentStyle {
                                      "componentId": "sc-bZQynM",
                                      "isStatic": false,
                                      "lastClassName": "ierfGz",
                                      "rules": Array [
                                        "
  text-overflow: ellipsis;
  overflow: hidden;
  white-space: nowrap;
  margin-right: 1rem;
  min-width: 0;
  display: block;
  font-weight: ",
                                        "800",
                                        ";
",
                                      ],
                                    },
                                    "displayName": "styled.span",
                                    "foldedComponentIds": Array [],
                                    "render": [Function],
                                    "styledComponentId": "sc-bZQynM",
                                    "target": "span",
                                    "toString": [Function],
                                    "warnTooManyClasses": [Function],
                                    "withComponent": [Function],
                                  }
                                }
                                forwardedRef={null}
                              >
                                <span
                                  className="sc-bZQynM ierfGz"
                                >
                                  a, s, d, c
                                </span>
                              </StyledComponent>
                            </styled.span>
                          </div>
                        </div>
                      </StyledComponent>
                    </styled.div>
                    <styled.div>
                      <StyledComponent
                        forwardedComponent={
                          Object {
                            "$$typeof": Symbol(react.forward_ref),
                            "attrs": Array [],
                            "componentStyle": ComponentStyle {
                              "componentId": "sc-htoDjs",
                              "isStatic": false,
                              "lastClassName": "jNcOQg",
                              "rules": Array [
                                "
  ",
                                [Function],
                                ";
  margin-right: 1rem;
  display: -webkit-box;
  -webkit-line-clamp: 2;
  -webkit-box-orient: vertical;
  height: 2.5rem;
  overflow: hidden;
  text-overflow: ellipsis;
  white-space: normal;
",
                              ],
                            },
                            "displayName": "styled.div",
                            "foldedComponentIds": Array [],
                            "render": [Function],
                            "styledComponentId": "sc-htoDjs",
                            "target": "div",
                            "toString": [Function],
                            "warnTooManyClasses": [Function],
                            "withComponent": [Function],
                          }
                        }
                        forwardedRef={null}
                      >
                        <div
                          className="sc-htoDjs jNcOQg"
                        >
                          <span>
                            hihi
                          </span>
                        </div>
                      </StyledComponent>
                    </styled.div>
                  </div>
                </StyledComponent>
              </styled.div>
              <styled.span>
                <StyledComponent
                  forwardedComponent={
                    Object {
                      "$$typeof": Symbol(react.forward_ref),
                      "attrs": Array [],
                      "componentStyle": ComponentStyle {
                        "componentId": "sc-gzVnrw",
                        "isStatic": false,
                        "lastClassName": "gJorOU",
                        "rules": Array [
                          "
  ",
                          [Function],
                          ";
",
                        ],
                      },
                      "displayName": "styled.span",
                      "foldedComponentIds": Array [],
                      "render": [Function],
                      "styledComponentId": "sc-gzVnrw",
                      "target": "span",
                      "toString": [Function],
                      "warnTooManyClasses": [Function],
                      "withComponent": [Function],
                    }
                  }
                  forwardedRef={null}
                >
                  <span
                    className="sc-gzVnrw gJorOU"
                  >
                    4
                  </span>
                </StyledComponent>
              </styled.span>
            </div>
          </StyledComponent>
        </styled.div>
        <Styled(styled.div)>
          <StyledComponent
            forwardedComponent={
              Object {
                "$$typeof": Symbol(react.forward_ref),
                "attrs": Array [],
                "componentStyle": ComponentStyle {
                  "componentId": "sc-dnqmqq",
                  "isStatic": false,
                  "lastClassName": "exgQnf",
                  "rules": Array [
                    "
  display: flex;
  width: 100%;
  justify-content: center;
  align-items: center;
",
                    "
  flex-direction: column;
  align-items: flex-end;
  flex:1
  span {
    ",
                    [Function],
                    ";
  }  
",
                  ],
                },
                "displayName": "Styled(styled.div)",
                "foldedComponentIds": Array [
                  "sc-bdVaJa",
                ],
                "render": [Function],
                "styledComponentId": "sc-dnqmqq",
                "target": "div",
                "toString": [Function],
                "warnTooManyClasses": [Function],
                "withComponent": [Function],
              }
            }
            forwardedRef={null}
          >
            <div
              className="sc-bdVaJa sc-dnqmqq exgQnf"
            >
              <styled.span>
                <StyledComponent
                  forwardedComponent={
                    Object {
                      "$$typeof": Symbol(react.forward_ref),
                      "attrs": Array [],
                      "componentStyle": ComponentStyle {
                        "componentId": "sc-iwsKbI",
                        "isStatic": false,
                        "lastClassName": "gnPtlj",
                        "rules": Array [
                          "
  font-size: 0.7rem;
",
                        ],
                      },
                      "displayName": "styled.span",
                      "foldedComponentIds": Array [],
                      "render": [Function],
                      "styledComponentId": "sc-iwsKbI",
                      "target": "span",
                      "toString": [Function],
                      "warnTooManyClasses": [Function],
                      "withComponent": [Function],
                    }
                  }
                  forwardedRef={null}
                >
                  <span
                    className="sc-iwsKbI gnPtlj"
                  >
                    04-25-2020
                  </span>
                </StyledComponent>
              </styled.span>
              <Circle
                num={3}
              >
                <styled.div>
                  <StyledComponent
                    forwardedComponent={
                      Object {
                        "$$typeof": Symbol(react.forward_ref),
                        "attrs": Array [],
                        "componentStyle": ComponentStyle {
                          "componentId": "sc-gZMcBi",
                          "isStatic": false,
                          "lastClassName": "iFUJoV",
                          "rules": Array [
                            "
    display: flex;
    align-items: center;
    justify-content: center;
    width: fit-content;
    height: 1rem;
    margin: 1rem;
    padding: 0.1rem 0.5rem;
    border-radius: 2rem;
    text-align: center;
    font-size: ",
                            "0.8rem",
                            ";
    background-color: ",
                            "#DD6F5A",
                            ";
    color: ",
                            "#FEFFFF",
                            ";
    font-weight: ",
                            "600",
                            ";
  ",
                          ],
                        },
                        "displayName": "styled.div",
                        "foldedComponentIds": Array [],
                        "render": [Function],
                        "styledComponentId": "sc-gZMcBi",
                        "target": "div",
                        "toString": [Function],
                        "warnTooManyClasses": [Function],
                        "withComponent": [Function],
                      }
                    }
                    forwardedRef={null}
                  >
                    <div
                      className="sc-gZMcBi iFUJoV"
                    >
                      3
                    </div>
                  </StyledComponent>
                </styled.div>
              </Circle>
            </div>
          </StyledComponent>
        </Styled(styled.div)>
      </div>
    </StyledComponent>
  </Styled(styled.div)>
</ChatCard>
`;
