// Jest Snapshot v1, https://goo.gl/fbAQLP

exports[`<ButtonnGroup /> matches snapshot 1`] = `
<ButtonGroup>
  <Styled(styled.div)
    direction="row"
    right={false}
  >
    <StyledComponent
      direction="row"
      forwardedComponent={
        Object {
          "$$typeof": Symbol(react.forward_ref),
          "attrs": Array [],
          "componentStyle": ComponentStyle {
            "componentId": "sc-htpNat",
            "isStatic": false,
            "lastClassName": "gkFfxL",
            "rules": Array [
              "
  display: flex;
  width: 100%;
  justify-content: center;
  align-items: center;
",
              "
  flex-direction: ",
              [Function],
              ";
  justify-content: ",
              [Function],
              ";
",
            ],
          },
          "displayName": "Styled(styled.div)",
          "foldedComponentIds": Array [
            "sc-bwzfXH",
          ],
          "render": [Function],
          "styledComponentId": "sc-htpNat",
          "target": "div",
          "toString": [Function],
          "warnTooManyClasses": [Function],
          "withComponent": [Function],
        }
      }
      forwardedRef={null}
      right={false}
    >
      <div
        className="sc-bwzfXH sc-htpNat gkFfxL"
        direction="row"
      >
        <Button
          text="confirm"
        >
          <ThemeProvider
            theme={
              Object {
                "background": "#F7CF46",
              }
            }
          >
            <styled.button
              isAllowed={true}
              type="button"
            >
              <StyledComponent
                forwardedComponent={
                  Object {
                    "$$typeof": Symbol(react.forward_ref),
                    "attrs": Array [],
                    "componentStyle": ComponentStyle {
                      "componentId": "sc-bdVaJa",
                      "isStatic": false,
                      "lastClassName": "eknSne",
                      "rules": Array [
                        "
  width: 5rem;
  height: 2rem;
  color: ",
                        "#4B4B4B",
                        ";
  font-size: ",
                        "0.8rem",
                        ";
  font-weight: ",
                        "600",
                        ";

  margin: 0.5rem;

  background-color: ",
                        [Function],
                        ";

  outline: none;
  border-radius: 1rem;
  border: none;
  cursor: ",
                        [Function],
                        ";

  overflow: hidden;
  text-overflow: ellipsis;
  white-space: nowrap;


  &:hover{
    background-color: ",
                        [Function],
                        ";
  }
",
                      ],
                    },
                    "displayName": "styled.button",
                    "foldedComponentIds": Array [],
                    "render": [Function],
                    "styledComponentId": "sc-bdVaJa",
                    "target": "button",
                    "toString": [Function],
                    "warnTooManyClasses": [Function],
                    "withComponent": [Function],
                  }
                }
                forwardedRef={null}
                isAllowed={true}
                type="button"
              >
                <button
                  className="sc-bdVaJa eknSne"
                  type="button"
                >
                  confirm
                </button>
              </StyledComponent>
            </styled.button>
          </ThemeProvider>
        </Button>
        <Button
          text="cancel"
        >
          <ThemeProvider
            theme={
              Object {
                "background": "#F7CF46",
              }
            }
          >
            <styled.button
              isAllowed={true}
              type="button"
            >
              <StyledComponent
                forwardedComponent={
                  Object {
                    "$$typeof": Symbol(react.forward_ref),
                    "attrs": Array [],
                    "componentStyle": ComponentStyle {
                      "componentId": "sc-bdVaJa",
                      "isStatic": false,
                      "lastClassName": "eknSne",
                      "rules": Array [
                        "
  width: 5rem;
  height: 2rem;
  color: ",
                        "#4B4B4B",
                        ";
  font-size: ",
                        "0.8rem",
                        ";
  font-weight: ",
                        "600",
                        ";

  margin: 0.5rem;

  background-color: ",
                        [Function],
                        ";

  outline: none;
  border-radius: 1rem;
  border: none;
  cursor: ",
                        [Function],
                        ";

  overflow: hidden;
  text-overflow: ellipsis;
  white-space: nowrap;


  &:hover{
    background-color: ",
                        [Function],
                        ";
  }
",
                      ],
                    },
                    "displayName": "styled.button",
                    "foldedComponentIds": Array [],
                    "render": [Function],
                    "styledComponentId": "sc-bdVaJa",
                    "target": "button",
                    "toString": [Function],
                    "warnTooManyClasses": [Function],
                    "withComponent": [Function],
                  }
                }
                forwardedRef={null}
                isAllowed={true}
                type="button"
              >
                <button
                  className="sc-bdVaJa eknSne"
                  type="button"
                >
                  cancel
                </button>
              </StyledComponent>
            </styled.button>
          </ThemeProvider>
        </Button>
      </div>
    </StyledComponent>
  </Styled(styled.div)>
</ButtonGroup>
`;
